ggml_vulkan: Found 1 Vulkan devices:
ggml_vulkan: 0 = AMD BC-250 (RADV GFX1013) (radv) | uma: 1 | fp16: 1 | bf16: 0 | fp4: 0 | warp size: 32 | shared memory: 65536 | int dot: 0 | matrix cores: none
[INFO   ] diffusion_engine.cpp:732  - loading diffusion model from '/opt/bc250-mod-prep/video-bench/models/Wan2.2-TI2V-5B-Q4_K_M.gguf'
[INFO   ] model_loader.cpp:215  - load /opt/bc250-mod-prep/video-bench/models/Wan2.2-TI2V-5B-Q4_K_M.gguf using gguf format
[INFO   ] diffusion_engine.cpp:774  - loading t5xxl from '/opt/bc250-mod-prep/video-bench/models/umt5-xxl-encoder-Q4_K_M.gguf'
[INFO   ] model_loader.cpp:215  - load /opt/bc250-mod-prep/video-bench/models/umt5-xxl-encoder-Q4_K_M.gguf using gguf format
[INFO   ] diffusion_engine.cpp:803  - loading vae from '/opt/bc250-mod-prep/video-bench/models/wan2.2_vae.safetensors'
[INFO   ] model_loader.cpp:221  - load /opt/bc250-mod-prep/video-bench/models/wan2.2_vae.safetensors using safetensors format
[INFO   ] diffusion_engine.cpp:995  - Version: Wan 2.2 TI2V
[INFO   ] diffusion_engine.cpp:1522 - Weight type stat:                      f32: 74   |     f16: 720  |    q4_K: 354  |    q6_K: 115
[INFO   ] diffusion_engine.cpp:1523 - Conditioner weight type stat:          f32: 73   |    q4_K: 144  |    q6_K: 25
[INFO   ] diffusion_engine.cpp:1524 - Diffusion model weight type stat:      f32: 1    |     f16: 524  |    q4_K: 210  |    q6_K: 90
[INFO   ] diffusion_engine.cpp:1525 - VAE weight type stat:                  f16: 196
[INFO   ] model_loader.cpp:878  - using mmap for '/opt/bc250-mod-prep/video-bench/models/Wan2.2-TI2V-5B-Q4_K_M.gguf'
[INFO   ] model_loader.cpp:878  - using mmap for '/opt/bc250-mod-prep/video-bench/models/umt5-xxl-encoder-Q4_K_M.gguf'
[INFO   ] model_loader.cpp:878  - using mmap for '/opt/bc250-mod-prep/video-bench/models/wan2.2_vae.safetensors'
[INFO   ] wan.hpp:967  - Wan2.2-TI2V-5B
[INFO   ] model_builders.cpp:625  - using VAE for encoding / decoding
[INFO   ] diffusion_engine.cpp:1202 - Using flash attention in the diffusion model
[INFO   ] diffusion_engine.cpp:1327 - total params memory size = 8101.48MB (VRAM 0.00MB, RAM 8101.48MB): text_encoders 3479.75MB(RAM), diffusion_model 3277.49MB(RAM), vae 1344.24MB(RAM), controlnet 0.00MB(N/A), extensions 0.00MB(N/A)
[INFO   ] diffusion_engine.cpp:1466 - running in FLOW mode
[INFO   ] denoiser.hpp:1129 - get_sigmas with discrete scheduler
[INFO   ] request.cpp:420  - sampling using Euler method
[INFO   ] ggml_graph_cut.cpp:1032 - t5 build cached graph cut plan done (taking 2 ms)
[INFO   ] model_loader.cpp:1023 - memory-mapped 242 tensors in 1 files (3479.75 MB), taking 0.00s

  |###                                               | 14/242 - 0.00MB/s
  |##################################################| 242/242 - 0.00MB/s
[INFO   ] model_loader.cpp:1378 - loading tensors completed, taking 0.20s (read: 0.00s, memcpy: 0.00s, convert: 0.00s, copy_to_backend: 0.00s)
[INFO   ] video.cpp:1212 - get_learned_condition completed, taking 4.27s
[INFO   ] video.cpp:1612 - generate_video 512x288x33
[INFO   ] ggml_graph_cut.cpp:1032 - Wan2.2-TI2V-5B build cached graph cut plan done (taking 7 ms)
[INFO   ] model_loader.cpp:1023 - memory-mapped 306 tensors in 1 files (3267.19 MB), taking 0.00s

  |#                                                 | 3/825 - 0.00MB/s
  |##################################################| 825/825 - 33.85MB/s
[INFO   ] model_loader.cpp:1378 - loading tensors completed, taking 0.20s (read: 0.05s, memcpy: 0.00s, convert: 0.00s, copy_to_backend: 0.00s)

  |==>                                               | 1/20 - 12.86s/it
  |=====>                                            | 2/20 - 7.48s/it
  |=======>                                          | 3/20 - 7.47s/it
  |==========>                                       | 4/20 - 7.48s/it
  |============>                                     | 5/20 - 7.48s/it
  |===============>                                  | 6/20 - 7.48s/it
  |=================>                                | 7/20 - 7.48s/it
  |====================>                             | 8/20 - 7.48s/it
  |======================>                           | 9/20 - 7.48s/it
  |=========================>                        | 10/20 - 7.48s/it
  |===========================>                      | 11/20 - 7.48s/it
  |==============================>                   | 12/20 - 7.48s/it
  |================================>                 | 13/20 - 7.48s/it
  |===================================>              | 14/20 - 7.48s/it
  |=====================================>            | 15/20 - 7.48s/it
  |========================================>         | 16/20 - 7.48s/it
  |==========================================>       | 17/20 - 7.48s/it
  |=============================================>    | 18/20 - 7.48s/it
  |===============================================>  | 19/20 - 7.48s/it
  |==================================================| 20/20 - 7.48s/it
[INFO   ] video.cpp:1712 - sampling completed, taking 154.95s
[INFO   ] video.cpp:1856 - generating latent video completed, taking 154.96s
[INFO   ] ggml_graph_cut.cpp:1032 - wan_vae build cached graph cut plan done (taking 2 ms)
[INFO   ] model_loader.cpp:1023 - memory-mapped 40 tensors in 1 files (1058.57 MB), taking 0.00s

  |#####                                             | 9/110 - 2.04MB/s
  |##################################################| 110/110 - 0.54MB/s
[INFO   ] model_loader.cpp:1378 - loading tensors completed, taking 0.20s (read: 0.01s, memcpy: 0.00s, convert: 0.00s, copy_to_backend: 0.00s)
[INFO   ] ggml_graph_cut.cpp:1032 - wan_vae build cached graph cut plan done (taking 1 ms)
[INFO   ] ggml_graph_cut.cpp:1032 - wan_vae build cached graph cut plan done (taking 0 ms)

  |========>                                         | 1/6 - 20.04s/it
  |================>                                 | 2/6 - 17.18s/it
  |=========================>                        | 3/6 - 17.15s/it
  |=================================>                | 4/6 - 17.02s/it
  |=========================================>        | 5/6 - 17.04s/it
  |==================================================| 6/6 - 17.02s/it
[INFO   ] video.cpp:1243 - decode_first_stage completed, taking 105.54s
[INFO   ] video.cpp:1944 - generate_video completed in 264.85s
[INFO   ] main.cpp:547  - save result video to '/opt/bc250-mod-prep/video-bench/results/wan22-car-1/raw.avi'
