ggml_vulkan: Found 1 Vulkan devices:
ggml_vulkan: 0 = AMD BC-250 (RADV GFX1013) (radv) | uma: 1 | fp16: 1 | bf16: 0 | fp4: 0 | warp size: 32 | shared memory: 65536 | int dot: 0 | matrix cores: none
[INFO   ] diffusion_engine.cpp:732  - loading diffusion model from '/opt/bc250-mod-prep/video-bench/models/wan2.1_t2v_1.3B_fp16.safetensors'
[INFO   ] model_loader.cpp:221  - load /opt/bc250-mod-prep/video-bench/models/wan2.1_t2v_1.3B_fp16.safetensors using safetensors format
[INFO   ] diffusion_engine.cpp:774  - loading t5xxl from '/opt/bc250-mod-prep/video-bench/models/umt5-xxl-encoder-Q4_K_M.gguf'
[INFO   ] model_loader.cpp:215  - load /opt/bc250-mod-prep/video-bench/models/umt5-xxl-encoder-Q4_K_M.gguf using gguf format
[INFO   ] diffusion_engine.cpp:803  - loading vae from '/opt/bc250-mod-prep/video-bench/models/wan_2.1_vae.safetensors'
[INFO   ] model_loader.cpp:221  - load /opt/bc250-mod-prep/video-bench/models/wan_2.1_vae.safetensors using safetensors format
[INFO   ] diffusion_engine.cpp:995  - Version: Wan 2.x
[INFO   ] diffusion_engine.cpp:1522 - Weight type stat:                      f32: 75   |     f16: 823  |    q4_K: 144  |    q6_K: 25   |    bf16: 194
[INFO   ] diffusion_engine.cpp:1523 - Conditioner weight type stat:          f32: 73   |    q4_K: 144  |    q6_K: 25
[INFO   ] diffusion_engine.cpp:1524 - Diffusion model weight type stat:      f32: 2    |     f16: 823
[INFO   ] diffusion_engine.cpp:1525 - VAE weight type stat:                 bf16: 194
[INFO   ] model_loader.cpp:878  - using mmap for '/opt/bc250-mod-prep/video-bench/models/wan2.1_t2v_1.3B_fp16.safetensors'
[INFO   ] model_loader.cpp:878  - using mmap for '/opt/bc250-mod-prep/video-bench/models/umt5-xxl-encoder-Q4_K_M.gguf'
[INFO   ] model_loader.cpp:878  - using mmap for '/opt/bc250-mod-prep/video-bench/models/wan_2.1_vae.safetensors'
[INFO   ] wan.hpp:967  - Wan2.1-T2V-1.3B
[INFO   ] model_builders.cpp:625  - using VAE for encoding / decoding
[INFO   ] diffusion_engine.cpp:1202 - Using flash attention in the diffusion model
[INFO   ] diffusion_engine.cpp:1327 - total params memory size = 6430.76MB (VRAM 0.00MB, RAM 6430.76MB): text_encoders 3479.75MB(RAM), diffusion_model 2708.92MB(RAM), vae 242.10MB(RAM), controlnet 0.00MB(N/A), extensions 0.00MB(N/A)
[INFO   ] diffusion_engine.cpp:1466 - running in FLOW mode
[INFO   ] denoiser.hpp:1129 - get_sigmas with discrete scheduler
[INFO   ] request.cpp:420  - sampling using Euler method
[INFO   ] ggml_graph_cut.cpp:1032 - t5 build cached graph cut plan done (taking 1 ms)
[INFO   ] model_loader.cpp:1023 - memory-mapped 242 tensors in 1 files (3479.75 MB), taking 0.00s

  |##                                                | 7/242 - 0.00MB/s
  |##################################################| 242/242 - 0.00MB/s
[INFO   ] model_loader.cpp:1378 - loading tensors completed, taking 0.20s (read: 0.00s, memcpy: 0.00s, convert: 0.00s, copy_to_backend: 0.00s)
[INFO   ] video.cpp:1212 - get_learned_condition completed, taking 8.73s
[INFO   ] video.cpp:1612 - generate_video 256x160x17
[INFO   ] ggml_graph_cut.cpp:1032 - Wan2.1-T2V-1.3B build cached graph cut plan done (taking 6 ms)
[INFO   ] model_loader.cpp:1023 - memory-mapped 307 tensors in 1 files (2703.94 MB), taking 0.00s

  |#                                                 | 4/825 - 0.00MB/s
  |##################################################| 825/825 - 13.71MB/s
[INFO   ] model_loader.cpp:1378 - loading tensors completed, taking 0.20s (read: 0.05s, memcpy: 0.00s, convert: 0.00s, copy_to_backend: 0.00s)

  |============>                                     | 1/4 - 5.98s/it
  |=========================>                        | 2/4 - 1.42s/it
  |=====================================>            | 3/4 - 1.42s/it
  |==================================================| 4/4 - 1.41s/it
[INFO   ] video.cpp:1712 - sampling completed, taking 10.26s
[INFO   ] video.cpp:1856 - generating latent video completed, taking 10.26s
[INFO   ] ggml_graph_cut.cpp:1032 - wan_vae build cached graph cut plan done (taking 1 ms)
[INFO   ] model_loader.cpp:1023 - memory-mapped 0 tensors in 0 files (0.00 MB), taking 0.00s

  |####                                              | 8/108 - 1.25MB/s
  |##################################################| 108/108 - 656.34MB/s
[INFO   ] model_loader.cpp:1378 - loading tensors completed, taking 0.21s (read: 0.14s, memcpy: 0.00s, convert: 0.06s, copy_to_backend: 0.00s)
[INFO   ] ggml_graph_cut.cpp:1032 - wan_vae build cached graph cut plan done (taking 1 ms)

  |==================================================| 1/1 - 4.25s/it
[INFO   ] video.cpp:1243 - decode_first_stage completed, taking 4.26s
[INFO   ] video.cpp:1944 - generate_video completed in 23.29s
[INFO   ] main.cpp:547  - save result video to '/opt/bc250-mod-prep/video-bench/results/wan21-smoke/raw.avi'
